// Jest Snapshot v1, https://goo.gl/fbAQLP

exports[`creates a CHANGE_CURRENCY_AMOUNT action 1`] = `
Object {
  "amount": 1000,
  "type": "CHANGE_CURRENCY_AMOUNT",
}
`;

exports[`creates a GET_INITIAL_CONVERSION action 1`] = `
Object {
  "type": "GET_INITIAL_CONVERSION",
}
`;
