// Jest Snapshot v1, https://goo.gl/fbAQLP

exports[`sets inital state 1`] = `
Object {
  "amount": 100,
  "baseCurrency": "USD",
  "conversions": Object {},
  "error": null,
  "quoteCurrency": "GBP",
}
`;

exports[`sets nested data on initial fetch 1`] = `
Object {
  "amount": 100,
  "baseCurrency": "USD",
  "conversions": Object {
    "USD": Object {
      "date": "",
      "isFetching": true,
      "rates": Object {},
    },
  },
  "error": null,
  "quoteCurrency": "GBP",
}
`;
